Flutter crash report.
Please report a bug at https://github.com/flutter/flutter/issues.

## command

flutter analyze

## exception

_Exception: Exception: analysis server exited with code 64 and output:
[stderr] Project
[stderr]   build       Build a Dart application including code assets.
[stderr]   compile     Compile Dart to various formats.
[stderr]   create      Create a new Dart project.
[stderr]   pub         Work with packages.
[stderr]   run         Run a Dart program from a file or a local package.
[stderr]   test        Run tests for a project.
[stderr] 
[stderr] Source code
[stderr]   analyze     Analyze Dart code in a directory.
[stderr]   doc         Generate API documentation for Dart projects.
[stderr]   fix         Apply automated fixes to Dart source code.
[stderr]   format      Idiomatically format Dart source code.
[stderr] 
[stderr] Tools
[stderr]   devtools    Open DevTools (optionally connecting to an existing application).
[stderr]   info        Show diagnostic information about the installed tooling.
[stderr] 
[stderr] Run "dart help <command>" for more information about a command.
[stderr] See https://dart.dev/tools/dart-tool for detailed documentation.

```
```

## flutter doctor

```
[✓] Flutter (Channel stable, 3.41.2, on macOS 26.4.1 25E253 darwin-arm64, locale en-US) [304ms]
    • Flutter version 3.41.2 on channel stable at /Users/admin/aryan/flutterSdk/3.41.2/flutter
    • Upstream repository https://github.com/flutter/flutter.git
    • Framework revision 90673a4eef (4 months ago), 2026-02-18 13:54:59 -0800
    • Engine revision 6c0baaebf7
    • Dart version 3.11.0
    • DevTools version 2.54.1
    • Feature flags: enable-web, enable-linux-desktop, enable-macos-desktop, enable-windows-desktop, enable-android, enable-ios, cli-animations, enable-native-assets, omit-legacy-version-file, enable-lldb-debugging, enable-uiscene-migration

[!] Android toolchain - develop for Android devices (Android SDK version 36.1.0) [1,013ms]
    • Android SDK at /Users/admin/Library/Android/sdk
    • Emulator version 36.6.11.0 (build_id 15507667) (CL:N/A)
    ✗ cmdline-tools component is missing.
      Try installing or updating Android Studio.
      Alternatively, download the tools from https://developer.android.com/studio#command-line-tools-only and make sure to set the ANDROID_HOME environment variable.
      See https://developer.android.com/studio/command-line for more details.
    ✗ Android license status unknown.
      Run `flutter doctor --android-licenses` to accept the SDK licenses.
      See https://flutter.dev/to/macos-android-setup for more details.

[✓] Xcode - develop for iOS and macOS (Xcode 26.4.1) [840ms]
    • Xcode at /Applications/Xcode.app/Contents/Developer
    • Build 17E202
    • CocoaPods version 1.16.2

[✓] Chrome - develop for the web [4ms]
    • Chrome at /Applications/Google Chrome.app/Contents/MacOS/Google Chrome

[✓] Connected device (4 available) [6.2s]
    • V2321 (mobile)           • 10BD9G169T0004K           • android-arm64  • Android 15 (API 35)
    • Ipad (wireless) (mobile) • 00008120-000E51A634900032 • ios            • iOS 26.5 23F77
    • macOS (desktop)          • macos                     • darwin-arm64   • macOS 26.4.1 25E253 darwin-arm64
    • Chrome (web)             • chrome                    • web-javascript • Google Chrome 148.0.7778.97
    ! Error: Browsing on the local area network for Namra’s iPhone. Ensure the device is unlocked and attached with a cable or associated with the same local area network as this Mac.
      The device must be opted into Developer Mode to connect wirelessly. (code -27)

[✓] Network resources [1,078ms]
    • All expected network resources are available.

! Doctor found issues in 1 category.
```
